
==========================================================================
cts final report_tns
--------------------------------------------------------------------------
tns max 0.00

==========================================================================
cts final report_wns
--------------------------------------------------------------------------
wns max 0.00

==========================================================================
cts final report_worst_slack
--------------------------------------------------------------------------
worst slack max 16.52

==========================================================================
cts final report_clock_min_period
--------------------------------------------------------------------------
core_clk period_min = 4.31 fmax = 232.08

==========================================================================
cts final report_clock_skew
--------------------------------------------------------------------------
Clock core_clk
   0.42 source latency usb_core.recv.d_filter.r[0]$_DFF_P_/CLK ^
  -0.43 target latency usb_core.recv.d_filter.r[1]$_DFF_P_/CLK ^
   0.00 CRPR
--------------
  -0.01 setup skew


==========================================================================
cts final report_checks -path_delay min
--------------------------------------------------------------------------
Startpoint: usb_core.recv.sm.state[3]$_DFF_PN0_
            (rising edge-triggered flip-flop clocked by core_clk)
Endpoint: usb_core.recv.sm.crc5.r[1]$_DFFE_PN1N_
          (removal check against rising-edge clock core_clk)
Path Group: asynchronous
Path Type: min

Fanout     Cap    Slew   Delay    Time   Description
-----------------------------------------------------------------------------
                          0.00    0.00   clock core_clk (rise edge)
                          0.00    0.00   clock source latency
     1    0.03    0.00    0.00    0.00 ^ clk (in)
                                         clk (net)
                  0.00    0.00    0.00 ^ clkbuf_0_clk/A (sky130_fd_sc_hd__clkbuf_16)
    16    0.19    0.20    0.23    0.23 ^ clkbuf_0_clk/X (sky130_fd_sc_hd__clkbuf_16)
                                         clknet_0_clk (net)
                  0.20    0.00    0.23 ^ clkbuf_4_6_0_clk/A (sky130_fd_sc_hd__clkbuf_16)
     9    0.04    0.06    0.19    0.43 ^ clkbuf_4_6_0_clk/X (sky130_fd_sc_hd__clkbuf_16)
                                         clknet_4_6_0_clk (net)
                  0.06    0.00    0.43 ^ usb_core.recv.sm.state[3]$_DFF_PN0_/CLK (sky130_fd_sc_hd__dfrtp_1)
    19    0.06    0.53    0.67    1.10 ^ usb_core.recv.sm.state[3]$_DFF_PN0_/Q (sky130_fd_sc_hd__dfrtp_1)
                                         usb_core.recv.sm.state[3] (net)
                  0.53    0.00    1.10 ^ _411_/A (sky130_fd_sc_hd__and2_1)
     1    0.00    0.06    0.21    1.31 ^ _411_/X (sky130_fd_sc_hd__and2_1)
                                         usb_core.recv.sm.crc16.rst_n (net)
                  0.06    0.00    1.31 ^ place17/A (sky130_fd_sc_hd__buf_4)
    21    0.10    0.28    0.28    1.60 ^ place17/X (sky130_fd_sc_hd__buf_4)
                                         net16 (net)
                  0.28    0.00    1.60 ^ usb_core.recv.sm.crc5.r[1]$_DFFE_PN1N_/SET_B (sky130_fd_sc_hd__dfstp_2)
                                  1.60   data arrival time

                          0.00    0.00   clock core_clk (rise edge)
                          0.00    0.00   clock source latency
     1    0.03    0.00    0.00    0.00 ^ clk (in)
                                         clk (net)
                  0.00    0.00    0.00 ^ clkbuf_0_clk/A (sky130_fd_sc_hd__clkbuf_16)
    16    0.19    0.20    0.23    0.23 ^ clkbuf_0_clk/X (sky130_fd_sc_hd__clkbuf_16)
                                         clknet_0_clk (net)
                  0.20    0.00    0.23 ^ clkbuf_4_6_0_clk/A (sky130_fd_sc_hd__clkbuf_16)
     9    0.04    0.06    0.19    0.43 ^ clkbuf_4_6_0_clk/X (sky130_fd_sc_hd__clkbuf_16)
                                         clknet_4_6_0_clk (net)
                  0.06    0.00    0.43 ^ usb_core.recv.sm.crc5.r[1]$_DFFE_PN1N_/CLK (sky130_fd_sc_hd__dfstp_2)
                          0.00    0.43   clock reconvergence pessimism
                          0.14    0.57   library removal time
                                  0.57   data required time
-----------------------------------------------------------------------------
                                  0.57   data required time
                                 -1.60   data arrival time
-----------------------------------------------------------------------------
                                  1.03   slack (MET)


Startpoint: usb_core.recv.d_filter.r[0]$_DFF_P_
            (rising edge-triggered flip-flop clocked by core_clk)
Endpoint: usb_core.recv.d_filter.r[1]$_DFF_P_
          (rising edge-triggered flip-flop clocked by core_clk)
Path Group: core_clk
Path Type: min

Fanout     Cap    Slew   Delay    Time   Description
-----------------------------------------------------------------------------
                          0.00    0.00   clock core_clk (rise edge)
                          0.00    0.00   clock source latency
     1    0.03    0.00    0.00    0.00 ^ clk (in)
                                         clk (net)
                  0.00    0.00    0.00 ^ clkbuf_0_clk/A (sky130_fd_sc_hd__clkbuf_16)
    16    0.19    0.20    0.23    0.23 ^ clkbuf_0_clk/X (sky130_fd_sc_hd__clkbuf_16)
                                         clknet_0_clk (net)
                  0.20    0.00    0.23 ^ clkbuf_4_5_0_clk/A (sky130_fd_sc_hd__clkbuf_16)
    10    0.03    0.06    0.19    0.42 ^ clkbuf_4_5_0_clk/X (sky130_fd_sc_hd__clkbuf_16)
                                         clknet_4_5_0_clk (net)
                  0.06    0.00    0.42 ^ usb_core.recv.d_filter.r[0]$_DFF_P_/CLK (sky130_fd_sc_hd__dfxtp_1)
     2    0.01    0.04    0.31    0.73 v usb_core.recv.d_filter.r[0]$_DFF_P_/Q (sky130_fd_sc_hd__dfxtp_1)
                                         usb_core.recv.d_filter.r[0] (net)
                  0.04    0.00    0.73 v usb_core.recv.d_filter.r[1]$_DFF_P_/D (sky130_fd_sc_hd__dfxtp_1)
                                  0.73   data arrival time

                          0.00    0.00   clock core_clk (rise edge)
                          0.00    0.00   clock source latency
     1    0.03    0.00    0.00    0.00 ^ clk (in)
                                         clk (net)
                  0.00    0.00    0.00 ^ clkbuf_0_clk/A (sky130_fd_sc_hd__clkbuf_16)
    16    0.19    0.20    0.23    0.23 ^ clkbuf_0_clk/X (sky130_fd_sc_hd__clkbuf_16)
                                         clknet_0_clk (net)
                  0.20    0.00    0.23 ^ clkbuf_4_7_0_clk/A (sky130_fd_sc_hd__clkbuf_16)
    13    0.04    0.06    0.19    0.43 ^ clkbuf_4_7_0_clk/X (sky130_fd_sc_hd__clkbuf_16)
                                         clknet_4_7_0_clk (net)
                  0.06    0.00    0.43 ^ usb_core.recv.d_filter.r[1]$_DFF_P_/CLK (sky130_fd_sc_hd__dfxtp_1)
                          0.00    0.43   clock reconvergence pessimism
                         -0.05    0.38   library hold time
                                  0.38   data required time
-----------------------------------------------------------------------------
                                  0.38   data required time
                                 -0.73   data arrival time
-----------------------------------------------------------------------------
                                  0.35   slack (MET)



==========================================================================
cts final report_checks -path_delay max
--------------------------------------------------------------------------
Startpoint: rst_n (input port clocked by core_clk)
Endpoint: usb_core.tx.tx_crc.r[1]$_DFFE_PN1P_
          (recovery check against rising-edge clock core_clk)
Path Group: asynchronous
Path Type: max

Fanout     Cap    Slew   Delay    Time   Description
-----------------------------------------------------------------------------
                          0.00    0.00   clock core_clk (rise edge)
                          0.00    0.00   clock network delay (propagated)
                          2.00    2.00 ^ input external delay
     1    0.00    0.00    0.00    2.00 ^ rst_n (in)
                                         rst_n (net)
                  0.00    0.00    2.00 ^ input2/A (sky130_fd_sc_hd__buf_2)
    27    0.15    0.72    0.56    2.56 ^ input2/X (sky130_fd_sc_hd__buf_2)
                                         net1 (net)
                  0.72    0.01    2.57 ^ place18/A (sky130_fd_sc_hd__buf_4)
    39    0.19    0.51    0.57    3.14 ^ place18/X (sky130_fd_sc_hd__buf_4)
                                         net17 (net)
                  0.51    0.00    3.14 ^ _412_/A (sky130_fd_sc_hd__and2_1)
    16    0.08    0.73    0.69    3.83 ^ _412_/X (sky130_fd_sc_hd__and2_1)
                                         usb_core.tx.tx_crc.rst_n (net)
                  0.73    0.00    3.83 ^ usb_core.tx.tx_crc.r[1]$_DFFE_PN1P_/SET_B (sky130_fd_sc_hd__dfstp_2)
                                  3.83   data arrival time

                         20.83   20.83   clock core_clk (rise edge)
                          0.00   20.83   clock source latency
     1    0.03    0.00    0.00   20.83 ^ clk (in)
                                         clk (net)
                  0.00    0.00   20.83 ^ clkbuf_0_clk/A (sky130_fd_sc_hd__clkbuf_16)
    16    0.19    0.20    0.23   21.06 ^ clkbuf_0_clk/X (sky130_fd_sc_hd__clkbuf_16)
                                         clknet_0_clk (net)
                  0.20    0.00   21.06 ^ clkbuf_4_8_0_clk/A (sky130_fd_sc_hd__clkbuf_16)
     9    0.03    0.06    0.19   21.25 ^ clkbuf_4_8_0_clk/X (sky130_fd_sc_hd__clkbuf_16)
                                         clknet_4_8_0_clk (net)
                  0.06    0.00   21.25 ^ usb_core.tx.tx_crc.r[1]$_DFFE_PN1P_/CLK (sky130_fd_sc_hd__dfstp_2)
                          0.00   21.25   clock reconvergence pessimism
                          0.10   21.35   library recovery time
                                 21.35   data required time
-----------------------------------------------------------------------------
                                 21.35   data required time
                                 -3.83   data arrival time
-----------------------------------------------------------------------------
                                 17.52   slack (MET)


Startpoint: usb_core.tx.state[2]$_DFFE_PN0P_
            (rising edge-triggered flip-flop clocked by core_clk)
Endpoint: tx_j (output port clocked by core_clk)
Path Group: core_clk
Path Type: max

Fanout     Cap    Slew   Delay    Time   Description
-----------------------------------------------------------------------------
                          0.00    0.00   clock core_clk (rise edge)
                          0.00    0.00   clock source latency
     1    0.03    0.00    0.00    0.00 ^ clk (in)
                                         clk (net)
                  0.00    0.00    0.00 ^ clkbuf_0_clk/A (sky130_fd_sc_hd__clkbuf_16)
    16    0.19    0.20    0.23    0.23 ^ clkbuf_0_clk/X (sky130_fd_sc_hd__clkbuf_16)
                                         clknet_0_clk (net)
                  0.20    0.00    0.23 ^ clkbuf_4_15_0_clk/A (sky130_fd_sc_hd__clkbuf_16)
     7    0.03    0.06    0.19    0.42 ^ clkbuf_4_15_0_clk/X (sky130_fd_sc_hd__clkbuf_16)
                                         clknet_4_15_0_clk (net)
                  0.06    0.00    0.42 ^ usb_core.tx.state[2]$_DFFE_PN0P_/CLK (sky130_fd_sc_hd__dfrtp_1)
    11    0.04    0.32    0.53    0.95 ^ usb_core.tx.state[2]$_DFFE_PN0P_/Q (sky130_fd_sc_hd__dfrtp_1)
                                         usb_core.tx.state[2] (net)
                  0.32    0.00    0.96 ^ _611_/B (sky130_fd_sc_hd__nand2_1)
     3    0.01    0.10    0.14    1.09 v _611_/Y (sky130_fd_sc_hd__nand2_1)
                                         _260_ (net)
                  0.10    0.00    1.09 v _612_/B (sky130_fd_sc_hd__or2_2)
     2    0.01    0.06    0.30    1.40 v _612_/X (sky130_fd_sc_hd__or2_2)
                                         _261_ (net)
                  0.06    0.00    1.40 v _388_/B1 (sky130_fd_sc_hd__a22oi_1)
     1    0.01    0.20    0.18    1.58 ^ _388_/Y (sky130_fd_sc_hd__a22oi_1)
                                         _341_ (net)
                  0.20    0.00    1.58 ^ _389_/B (sky130_fd_sc_hd__xor2_1)
     2    0.01    0.16    0.20    1.78 ^ _389_/X (sky130_fd_sc_hd__xor2_1)
                                         _342_ (net)
                  0.16    0.00    1.78 ^ _390_/B1 (sky130_fd_sc_hd__o21ai_0)
     1    0.00    0.08    0.11    1.89 v _390_/Y (sky130_fd_sc_hd__o21ai_0)
                                         net5 (net)
                  0.08    0.00    1.89 v output6/A (sky130_fd_sc_hd__clkdlybuf4s50_1)
     1    0.00    0.04    0.42    2.31 v output6/X (sky130_fd_sc_hd__clkdlybuf4s50_1)
                                         tx_j (net)
                  0.04    0.00    2.31 v tx_j (out)
                                  2.31   data arrival time

                         20.83   20.83   clock core_clk (rise edge)
                          0.00   20.83   clock network delay (propagated)
                          0.00   20.83   clock reconvergence pessimism
                         -2.00   18.83   output external delay
                                 18.83   data required time
-----------------------------------------------------------------------------
                                 18.83   data required time
                                 -2.31   data arrival time
-----------------------------------------------------------------------------
                                 16.52   slack (MET)



==========================================================================
cts final report_checks -unconstrained
--------------------------------------------------------------------------
Startpoint: rst_n (input port clocked by core_clk)
Endpoint: usb_core.tx.tx_crc.r[1]$_DFFE_PN1P_
          (recovery check against rising-edge clock core_clk)
Path Group: asynchronous
Path Type: max

Fanout     Cap    Slew   Delay    Time   Description
-----------------------------------------------------------------------------
                          0.00    0.00   clock core_clk (rise edge)
                          0.00    0.00   clock network delay (propagated)
                          2.00    2.00 ^ input external delay
     1    0.00    0.00    0.00    2.00 ^ rst_n (in)
                                         rst_n (net)
                  0.00    0.00    2.00 ^ input2/A (sky130_fd_sc_hd__buf_2)
    27    0.15    0.72    0.56    2.56 ^ input2/X (sky130_fd_sc_hd__buf_2)
                                         net1 (net)
                  0.72    0.01    2.57 ^ place18/A (sky130_fd_sc_hd__buf_4)
    39    0.19    0.51    0.57    3.14 ^ place18/X (sky130_fd_sc_hd__buf_4)
                                         net17 (net)
                  0.51    0.00    3.14 ^ _412_/A (sky130_fd_sc_hd__and2_1)
    16    0.08    0.73    0.69    3.83 ^ _412_/X (sky130_fd_sc_hd__and2_1)
                                         usb_core.tx.tx_crc.rst_n (net)
                  0.73    0.00    3.83 ^ usb_core.tx.tx_crc.r[1]$_DFFE_PN1P_/SET_B (sky130_fd_sc_hd__dfstp_2)
                                  3.83   data arrival time

                         20.83   20.83   clock core_clk (rise edge)
                          0.00   20.83   clock source latency
     1    0.03    0.00    0.00   20.83 ^ clk (in)
                                         clk (net)
                  0.00    0.00   20.83 ^ clkbuf_0_clk/A (sky130_fd_sc_hd__clkbuf_16)
    16    0.19    0.20    0.23   21.06 ^ clkbuf_0_clk/X (sky130_fd_sc_hd__clkbuf_16)
                                         clknet_0_clk (net)
                  0.20    0.00   21.06 ^ clkbuf_4_8_0_clk/A (sky130_fd_sc_hd__clkbuf_16)
     9    0.03    0.06    0.19   21.25 ^ clkbuf_4_8_0_clk/X (sky130_fd_sc_hd__clkbuf_16)
                                         clknet_4_8_0_clk (net)
                  0.06    0.00   21.25 ^ usb_core.tx.tx_crc.r[1]$_DFFE_PN1P_/CLK (sky130_fd_sc_hd__dfstp_2)
                          0.00   21.25   clock reconvergence pessimism
                          0.10   21.35   library recovery time
                                 21.35   data required time
-----------------------------------------------------------------------------
                                 21.35   data required time
                                 -3.83   data arrival time
-----------------------------------------------------------------------------
                                 17.52   slack (MET)


Startpoint: usb_core.tx.state[2]$_DFFE_PN0P_
            (rising edge-triggered flip-flop clocked by core_clk)
Endpoint: tx_j (output port clocked by core_clk)
Path Group: core_clk
Path Type: max

Fanout     Cap    Slew   Delay    Time   Description
-----------------------------------------------------------------------------
                          0.00    0.00   clock core_clk (rise edge)
                          0.00    0.00   clock source latency
     1    0.03    0.00    0.00    0.00 ^ clk (in)
                                         clk (net)
                  0.00    0.00    0.00 ^ clkbuf_0_clk/A (sky130_fd_sc_hd__clkbuf_16)
    16    0.19    0.20    0.23    0.23 ^ clkbuf_0_clk/X (sky130_fd_sc_hd__clkbuf_16)
                                         clknet_0_clk (net)
                  0.20    0.00    0.23 ^ clkbuf_4_15_0_clk/A (sky130_fd_sc_hd__clkbuf_16)
     7    0.03    0.06    0.19    0.42 ^ clkbuf_4_15_0_clk/X (sky130_fd_sc_hd__clkbuf_16)
                                         clknet_4_15_0_clk (net)
                  0.06    0.00    0.42 ^ usb_core.tx.state[2]$_DFFE_PN0P_/CLK (sky130_fd_sc_hd__dfrtp_1)
    11    0.04    0.32    0.53    0.95 ^ usb_core.tx.state[2]$_DFFE_PN0P_/Q (sky130_fd_sc_hd__dfrtp_1)
                                         usb_core.tx.state[2] (net)
                  0.32    0.00    0.96 ^ _611_/B (sky130_fd_sc_hd__nand2_1)
     3    0.01    0.10    0.14    1.09 v _611_/Y (sky130_fd_sc_hd__nand2_1)
                                         _260_ (net)
                  0.10    0.00    1.09 v _612_/B (sky130_fd_sc_hd__or2_2)
     2    0.01    0.06    0.30    1.40 v _612_/X (sky130_fd_sc_hd__or2_2)
                                         _261_ (net)
                  0.06    0.00    1.40 v _388_/B1 (sky130_fd_sc_hd__a22oi_1)
     1    0.01    0.20    0.18    1.58 ^ _388_/Y (sky130_fd_sc_hd__a22oi_1)
                                         _341_ (net)
                  0.20    0.00    1.58 ^ _389_/B (sky130_fd_sc_hd__xor2_1)
     2    0.01    0.16    0.20    1.78 ^ _389_/X (sky130_fd_sc_hd__xor2_1)
                                         _342_ (net)
                  0.16    0.00    1.78 ^ _390_/B1 (sky130_fd_sc_hd__o21ai_0)
     1    0.00    0.08    0.11    1.89 v _390_/Y (sky130_fd_sc_hd__o21ai_0)
                                         net5 (net)
                  0.08    0.00    1.89 v output6/A (sky130_fd_sc_hd__clkdlybuf4s50_1)
     1    0.00    0.04    0.42    2.31 v output6/X (sky130_fd_sc_hd__clkdlybuf4s50_1)
                                         tx_j (net)
                  0.04    0.00    2.31 v tx_j (out)
                                  2.31   data arrival time

                         20.83   20.83   clock core_clk (rise edge)
                          0.00   20.83   clock network delay (propagated)
                          0.00   20.83   clock reconvergence pessimism
                         -2.00   18.83   output external delay
                                 18.83   data required time
-----------------------------------------------------------------------------
                                 18.83   data required time
                                 -2.31   data arrival time
-----------------------------------------------------------------------------
                                 16.52   slack (MET)



==========================================================================
cts final report_check_types -max_slew -max_cap -max_fanout -violators
--------------------------------------------------------------------------

==========================================================================
cts final max_slew_check_slack
--------------------------------------------------------------------------
0.6808552742004395

==========================================================================
cts final max_slew_check_limit
--------------------------------------------------------------------------
1.4862940311431885

==========================================================================
cts final max_slew_check_slack_limit
--------------------------------------------------------------------------
0.4581

==========================================================================
cts final max_fanout_check_slack
--------------------------------------------------------------------------
1.0000000150474662e+30

==========================================================================
cts final max_fanout_check_limit
--------------------------------------------------------------------------
1.0000000150474662e+30

==========================================================================
cts final max_capacitance_check_slack
--------------------------------------------------------------------------
0.012853139080107212

==========================================================================
cts final max_capacitance_check_limit
--------------------------------------------------------------------------
0.021067000925540924

==========================================================================
cts final max_capacitance_check_slack_limit
--------------------------------------------------------------------------
0.6101

==========================================================================
cts final max_slew_violation_count
--------------------------------------------------------------------------
max slew violation count 0

==========================================================================
cts final max_fanout_violation_count
--------------------------------------------------------------------------
max fanout violation count 0

==========================================================================
cts final max_cap_violation_count
--------------------------------------------------------------------------
max cap violation count 0

==========================================================================
cts final setup_violation_count
--------------------------------------------------------------------------
setup violation count 0

==========================================================================
cts final hold_violation_count
--------------------------------------------------------------------------
hold violation count 0

==========================================================================
cts final report_checks -path_delay max reg to reg
--------------------------------------------------------------------------
Startpoint: usb_core.tx.state[2]$_DFFE_PN0P_
            (rising edge-triggered flip-flop clocked by core_clk)
Endpoint: usb_core.tx.tx_crc.r[1]$_DFFE_PN1P_
          (recovery check against rising-edge clock core_clk)
Path Group: asynchronous
Path Type: max

  Delay    Time   Description
---------------------------------------------------------
   0.00    0.00   clock core_clk (rise edge)
   0.00    0.00   clock source latency
   0.00    0.00 ^ clk (in)
   0.23    0.23 ^ clkbuf_0_clk/X (sky130_fd_sc_hd__clkbuf_16)
   0.19    0.42 ^ clkbuf_4_15_0_clk/X (sky130_fd_sc_hd__clkbuf_16)
   0.00    0.42 ^ usb_core.tx.state[2]$_DFFE_PN0P_/CLK (sky130_fd_sc_hd__dfrtp_1)
   0.53    0.95 ^ usb_core.tx.state[2]$_DFFE_PN0P_/Q (sky130_fd_sc_hd__dfrtp_1)
   0.15    1.11 v _418_/Y (sky130_fd_sc_hd__nor3_2)
   0.23    1.33 ^ _419_/Y (sky130_fd_sc_hd__inv_1)
   0.65    1.98 ^ _412_/X (sky130_fd_sc_hd__and2_1)
   0.00    1.98 ^ usb_core.tx.tx_crc.r[1]$_DFFE_PN1P_/SET_B (sky130_fd_sc_hd__dfstp_2)
           1.98   data arrival time

  20.83   20.83   clock core_clk (rise edge)
   0.00   20.83   clock source latency
   0.00   20.83 ^ clk (in)
   0.23   21.06 ^ clkbuf_0_clk/X (sky130_fd_sc_hd__clkbuf_16)
   0.19   21.25 ^ clkbuf_4_8_0_clk/X (sky130_fd_sc_hd__clkbuf_16)
   0.00   21.25 ^ usb_core.tx.tx_crc.r[1]$_DFFE_PN1P_/CLK (sky130_fd_sc_hd__dfstp_2)
   0.00   21.25   clock reconvergence pessimism
   0.10   21.35   library recovery time
          21.35   data required time
---------------------------------------------------------
          21.35   data required time
          -1.98   data arrival time
---------------------------------------------------------
          19.37   slack (MET)


Startpoint: usb_core.recv.clk_rcvr.cntr[0]$_DFF_PN0_
            (rising edge-triggered flip-flop clocked by core_clk)
Endpoint: usb_core.recv.sm.xdata[2]$_DFFE_PN0P_
          (rising edge-triggered flip-flop clocked by core_clk)
Path Group: core_clk
Path Type: max

  Delay    Time   Description
---------------------------------------------------------
   0.00    0.00   clock core_clk (rise edge)
   0.00    0.00   clock source latency
   0.00    0.00 ^ clk (in)
   0.23    0.23 ^ clkbuf_0_clk/X (sky130_fd_sc_hd__clkbuf_16)
   0.20    0.43 ^ clkbuf_4_7_0_clk/X (sky130_fd_sc_hd__clkbuf_16)
   0.00    0.43 ^ usb_core.recv.clk_rcvr.cntr[0]$_DFF_PN0_/CLK (sky130_fd_sc_hd__dfrtp_1)
   0.38    0.81 v usb_core.recv.clk_rcvr.cntr[0]$_DFF_PN0_/Q (sky130_fd_sc_hd__dfrtp_1)
   0.06    0.87 ^ _556_/Y (sky130_fd_sc_hd__inv_1)
   0.63    1.50 ^ _712_/COUT (sky130_fd_sc_hd__ha_1)
   0.11    1.61 v _460_/Y (sky130_fd_sc_hd__o21ai_2)
   0.27    1.88 v place16/X (sky130_fd_sc_hd__buf_4)
   0.08    1.96 ^ _461_/Y (sky130_fd_sc_hd__inv_1)
   0.37    2.32 ^ place15/X (sky130_fd_sc_hd__buf_4)
   0.52    2.84 v _573_/Y (sky130_fd_sc_hd__nand4b_1)
   0.45    3.30 v _591_/X (sky130_fd_sc_hd__mux2_2)
   0.00    3.30 v usb_core.recv.sm.xdata[2]$_DFFE_PN0P_/D (sky130_fd_sc_hd__dfrtp_1)
           3.30   data arrival time

  20.83   20.83   clock core_clk (rise edge)
   0.00   20.83   clock source latency
   0.00   20.83 ^ clk (in)
   0.23   21.06 ^ clkbuf_0_clk/X (sky130_fd_sc_hd__clkbuf_16)
   0.19   21.25 ^ clkbuf_4_8_0_clk/X (sky130_fd_sc_hd__clkbuf_16)
   0.00   21.25 ^ usb_core.recv.sm.xdata[2]$_DFFE_PN0P_/CLK (sky130_fd_sc_hd__dfrtp_1)
   0.00   21.25   clock reconvergence pessimism
  -0.11   21.14   library setup time
          21.14   data required time
---------------------------------------------------------
          21.14   data required time
          -3.30   data arrival time
---------------------------------------------------------
          17.84   slack (MET)



==========================================================================
cts final report_checks -path_delay min reg to reg
--------------------------------------------------------------------------
Startpoint: usb_core.recv.sm.state[3]$_DFF_PN0_
            (rising edge-triggered flip-flop clocked by core_clk)
Endpoint: usb_core.recv.sm.crc5.r[1]$_DFFE_PN1N_
          (removal check against rising-edge clock core_clk)
Path Group: asynchronous
Path Type: min

  Delay    Time   Description
---------------------------------------------------------
   0.00    0.00   clock core_clk (rise edge)
   0.00    0.00   clock source latency
   0.00    0.00 ^ clk (in)
   0.23    0.23 ^ clkbuf_0_clk/X (sky130_fd_sc_hd__clkbuf_16)
   0.19    0.43 ^ clkbuf_4_6_0_clk/X (sky130_fd_sc_hd__clkbuf_16)
   0.00    0.43 ^ usb_core.recv.sm.state[3]$_DFF_PN0_/CLK (sky130_fd_sc_hd__dfrtp_1)
   0.67    1.10 ^ usb_core.recv.sm.state[3]$_DFF_PN0_/Q (sky130_fd_sc_hd__dfrtp_1)
   0.21    1.31 ^ _411_/X (sky130_fd_sc_hd__and2_1)
   0.28    1.60 ^ place17/X (sky130_fd_sc_hd__buf_4)
   0.00    1.60 ^ usb_core.recv.sm.crc5.r[1]$_DFFE_PN1N_/SET_B (sky130_fd_sc_hd__dfstp_2)
           1.60   data arrival time

   0.00    0.00   clock core_clk (rise edge)
   0.00    0.00   clock source latency
   0.00    0.00 ^ clk (in)
   0.23    0.23 ^ clkbuf_0_clk/X (sky130_fd_sc_hd__clkbuf_16)
   0.19    0.43 ^ clkbuf_4_6_0_clk/X (sky130_fd_sc_hd__clkbuf_16)
   0.00    0.43 ^ usb_core.recv.sm.crc5.r[1]$_DFFE_PN1N_/CLK (sky130_fd_sc_hd__dfstp_2)
   0.00    0.43   clock reconvergence pessimism
   0.14    0.57   library removal time
           0.57   data required time
---------------------------------------------------------
           0.57   data required time
          -1.60   data arrival time
---------------------------------------------------------
           1.03   slack (MET)


Startpoint: usb_core.recv.d_filter.r[0]$_DFF_P_
            (rising edge-triggered flip-flop clocked by core_clk)
Endpoint: usb_core.recv.d_filter.r[1]$_DFF_P_
          (rising edge-triggered flip-flop clocked by core_clk)
Path Group: core_clk
Path Type: min

  Delay    Time   Description
---------------------------------------------------------
   0.00    0.00   clock core_clk (rise edge)
   0.00    0.00   clock source latency
   0.00    0.00 ^ clk (in)
   0.23    0.23 ^ clkbuf_0_clk/X (sky130_fd_sc_hd__clkbuf_16)
   0.19    0.42 ^ clkbuf_4_5_0_clk/X (sky130_fd_sc_hd__clkbuf_16)
   0.00    0.42 ^ usb_core.recv.d_filter.r[0]$_DFF_P_/CLK (sky130_fd_sc_hd__dfxtp_1)
   0.31    0.73 v usb_core.recv.d_filter.r[0]$_DFF_P_/Q (sky130_fd_sc_hd__dfxtp_1)
   0.00    0.73 v usb_core.recv.d_filter.r[1]$_DFF_P_/D (sky130_fd_sc_hd__dfxtp_1)
           0.73   data arrival time

   0.00    0.00   clock core_clk (rise edge)
   0.00    0.00   clock source latency
   0.00    0.00 ^ clk (in)
   0.23    0.23 ^ clkbuf_0_clk/X (sky130_fd_sc_hd__clkbuf_16)
   0.20    0.43 ^ clkbuf_4_7_0_clk/X (sky130_fd_sc_hd__clkbuf_16)
   0.00    0.43 ^ usb_core.recv.d_filter.r[1]$_DFF_P_/CLK (sky130_fd_sc_hd__dfxtp_1)
   0.00    0.43   clock reconvergence pessimism
  -0.05    0.38   library hold time
           0.38   data required time
---------------------------------------------------------
           0.38   data required time
          -0.73   data arrival time
---------------------------------------------------------
           0.35   slack (MET)



==========================================================================
cts final critical path target clock latency max path
--------------------------------------------------------------------------
0.4246

==========================================================================
cts final critical path target clock latency min path
--------------------------------------------------------------------------
0.4274

==========================================================================
cts final critical path source clock latency min path
--------------------------------------------------------------------------
0.0000

==========================================================================
cts final critical path delay
--------------------------------------------------------------------------
2.3088

==========================================================================
cts final critical path slack
--------------------------------------------------------------------------
16.5212

==========================================================================
cts final slack div critical path delay
--------------------------------------------------------------------------
715.575191

==========================================================================
cts final report_power
--------------------------------------------------------------------------
Group                  Internal  Switching    Leakage      Total
                          Power      Power      Power      Power (Watts)
----------------------------------------------------------------
Sequential             3.47e-04   2.85e-05   1.55e-09   3.76e-04  46.0%
Combinational          4.18e-05   5.12e-05   1.01e-09   9.30e-05  11.4%
Clock                  2.28e-04   1.20e-04   3.24e-10   3.48e-04  42.6%
Macro                  0.00e+00   0.00e+00   0.00e+00   0.00e+00   0.0%
Pad                    0.00e+00   0.00e+00   0.00e+00   0.00e+00   0.0%
----------------------------------------------------------------
Total                  6.16e-04   2.00e-04   2.89e-09   8.17e-04 100.0%
                          75.5%      24.5%       0.0%
